C51 COMPILER V9.54   MAIN                                                                  10/30/2025 08:34:29 PAGE 1   


C51 COMPILER V9.54, COMPILATION OF MODULE MAIN
OBJECT MODULE PLACED IN .\Objects\main.obj
COMPILER INVOKED BY: C:\Keil_v51\C51\BIN\C51.EXE main.c OPTIMIZE(8,SPEED) BROWSE DEBUG OBJECTEXTEND PRINT(.\Listings\mai
                    -n.lst) OBJECT(.\Objects\main.obj)

line level    source

   1          #include "stc8h.h"
   2          
   3          #include "Nix.h"
   4          
   5          void main(void)
   6          {       
   7   1              
   8   1              while(1)
   9   1              {
  10   2      //œ‘ æ0123 4567
  11   2                      Nix_text(1,0);
  12   2                      Nix_text(2,1);
  13   2                      Nix_text(3,2);
  14   2                      Nix_text(4,3);
  15   2                      Nix_text(5,4);
  16   2                      Nix_text(6,5);
  17   2                      Nix_text(7,6);
  18   2                      Nix_text(8,7);
  19   2      //œ‘ æ02468ACE
  20   2      //              Nix_text(1,0);
  21   2      //              Nix_text(2,2);
  22   2      //              Nix_text(3,4);
  23   2      //              Nix_text(4,6);
  24   2      //              Nix_text(5,8);
  25   2      //              Nix_text(6,10);
  26   2      //              Nix_text(7,12);
  27   2      //              Nix_text(8,14);
  28   2              }
  29   1      
  30   1      }


MODULE INFORMATION:   STATIC OVERLAYABLE
   CODE SIZE        =     73    ----
   CONSTANT SIZE    =   ----    ----
   XDATA SIZE       =   ----    ----
   PDATA SIZE       =   ----    ----
   DATA SIZE        =   ----    ----
   IDATA SIZE       =   ----    ----
   BIT SIZE         =   ----    ----
END OF MODULE INFORMATION.


C51 COMPILATION COMPLETE.  0 WARNING(S),  0 ERROR(S)
