C51 COMPILER V9.54   NIX                                                                   06/13/2026 16:25:35 PAGE 1   


C51 COMPILER V9.54, COMPILATION OF MODULE NIX
OBJECT MODULE PLACED IN Nix.OBJ
COMPILER INVOKED BY: C:\Users\Administrator\AppData\Local\Keil_v5\C51\BIN\C51.EXE Nix.c LARGE OPTIMIZE(8,SPEED) BROWSE D
                    -EBUG OBJECTEXTEND PRINT(.\Listings\Nix.lst)

line level    source

   1          #include "Nix.h"
   2          #include "Delay.h"
   3          
   4          uint_32 Nix[]={0xC0,0xF9,0xA4,0xB0,0x99,0x92,0x82,0xF8,0x80,0x90,0x48};   
   5          uint_8 T_COM[]={0x01,0x02,0x04,0x08,0x10,0x20,0x40,0x80};  
   6          uint8_t code LedChar[] = {
   7              0xC0, //  0: ABCDEF
   8              0xF9, //  1: BC
   9              0xA4, //  2: ABDEG
  10              0xB0, //  3: ABCDG
  11              0x99, //  4: BCFG
  12              0x92, //  5: ACD-FG
  13              0x82, //  6: ACDEFG
  14              0xF8, //  7: ABC
  15              0x80, //  8: ABCDEFG
  16              0x90, //  9: ABCDFG
  17              0xBF, // 10: '-' (G)
  18              0xFF, // 11: 熄灭
  19              0x8E, // 12: 'F' (AEFG)
  20              0xC1, // 13: 'U' (BCDEF)
  21              0x88, // 14: 'A' (ABCEFG)
  22              0x8C, // 15: 'P' (ABEFG)
  23              0xC6, // 16: 'C' (ABDEG)
  24          };
  25          uint8_t LedBuff[8] = {0xFF,0xFF,0xFF,0xFF,0xFF,0xFF,0xFF,0xFF};
  26          void Nix_Init(void)
  27          {
  28   1          // 设置为推挽输出，增强驱动能力
  29   1          P7M0 = 0xFF; 
  30   1          P7M1 = 0x00; 
  31   1          P6M0 = 0xFF;
  32   1          P6M1 = 0x00;
  33   1      
  34   1          P7 = 0xFF;    // 关闭位选
  35   1      //    P6 = Nix[0];  // 初始显示0
  36   1      }
  37          
  38          void Nix_Num(uint_8 digit, uint_8 Number)     
  39          {
  40   1          P6 = 0x00; // 消影
  41   1          
  42   1          if(digit < 1 || digit > 8) return;
  43   1      
  44   1          // 位选：低电平有效
  45   1          P7 = T_COM[digit]; 
  46   1          
  47   1          // 段选
  48   1          if(Number <= 9)
  49   1              P6 = Nix[Number];
  50   1          else
  51   1              P6 = 0xFF; 
  52   1              
  53   1          Delay_ms(1);  
  54   1          P6 = 0x00; // 消影
C51 COMPILER V9.54   NIX                                                                   06/13/2026 16:25:35 PAGE 2   

  55   1          P7 = 0xFF; // 关闭位选
  56   1      }   
  57          
  58          void Nix_Display(unsigned char *buf)
  59          {
  60   1          static unsigned char pos = 0;
  61   1          
  62   1          P7 = 0xFF; // 消影
  63   1          P6 = Nix[buf[pos]]; 
  64   1          P7 = ~(0x01 << pos); 
  65   1          pos = (pos + 1) % 8;
  66   1          Delay_ms(1); 
  67   1      }
  68          // ================= 数码管动态扫描 =================
  69          void Seg_Scan(void)
  70          {
  71   1          static unsigned char i = 0;  //¶¯̬ɨè˷ҽ
  72   1          
  73   1          P40 = 1;
  74   1          P6 = 0xFF;                  //¹رՋùӐ¶Α¡λ£¬ϔʾϻҾ
  75   1          P7 = _crol_(0xfe,i);       //λѡ˷ҽֵ¸³ֵµ½P7¿ڵͳλ
  76   1          P6 = LedBuff[7-i];            //»º³凸֐˷ҽλփµĊý¾݋͵½P0¿ڍ
  77   1          if (i < sizeof(LedBuff)-1)  //˷ҽµݔöѭ»·£¬±逺ջ¸ö»º³凸
  78   1              i++;
  79   1          else
  80   1              i = 0;
  81   1      }


MODULE INFORMATION:   STATIC OVERLAYABLE
   CODE SIZE        =    217    ----
   CONSTANT SIZE    =     17    ----
   XDATA SIZE       =     62    ----
   PDATA SIZE       =   ----    ----
   DATA SIZE        =   ----    ----
   IDATA SIZE       =   ----    ----
   BIT SIZE         =   ----    ----
END OF MODULE INFORMATION.


C51 COMPILATION COMPLETE.  0 WARNING(S),  0 ERROR(S)
