C51 COMPILER V9.54   KEY                                                                   12/19/2025 09:18:11 PAGE 1   


C51 COMPILER V9.54, COMPILATION OF MODULE KEY
OBJECT MODULE PLACED IN .\Objects\Key.obj
COMPILER INVOKED BY: D:\keil.C51\C51\BIN\C51.EXE Key.c OPTIMIZE(8,SPEED) BROWSE DEBUG OBJECTEXTEND PRINT(.\Listings\Key.
                    -lst) OBJECT(.\Objects\Key.obj)

line level    source

   1          #include "Key.h"
   2          
   3          //void Key_Init(void)
   4          //{
   5          //      P0M0=0x00;
   6          //      P0M1=0x00;//工作模式，双向
   7          //      
   8          //}
   9          
  10          
  11          //unsigned char Key_scan(void)//2行4列
  12          //{
  13          //      unsigned char row, column, key_volume;
  14          //      Key_Init();
  15          //      P0 = 0x0F;  //列线P0.0~P0.3=1,行线P0.6~P0.7=1(未选中)
  16          ////    P7=0x7F;
  17          //              if(P0 != 0x0F)//按键是否按下（拉低）
  18          //              {
  19          //                      Delay_ms(10);//消抖：硬件消抖加电容等，软件消抖加延时跳过
  20          //                      if(P0 != 0x0F)//按键是否按下
  21          //                      {
  22          //                              //1.行扫描
  23          
  24          //                              //第0行扫描，拉低P0.6(P0=0xBF=1011 1111)
  25          //                              P0 = 0xBF;                              
  26          //                              if(P0 != 0xBF)
  27          //                              {
  28          //                                      row = 0;//第0行有键被按下
  29          //                                      goto column_scan;
  30          //                              }
  31          
  32          
  33          //                              //第1行扫描，拉低P0.7(P0=0x7F=0111 1111)
  34          //                              P0 = 0x7F;
  35          //                              Delay_ms(10);//电平稳定延时,不加不行
  36          //                              if(P0 != 0x7F)
  37          //                              {
  38          //                                      row = 1;
  39          //                                      goto column_scan;
  40          //                              }
  41          //                              
  42          //                              //2.列扫描
  43          //                              column_scan:
  44          //                                                      if ((P0&0x01) == 0) column = 0;         //P0.0 拉低 -> 第0列 1011 1111 ---> 1011 1101 &0000 0010 P0=0xBF
  45          //                                                      else if ((P0&0x02) == 0) column = 1;    //P0.1 拉低 -> 第1列
  46          //                                                      else if ((P0&0x04) == 0) column = 2;    //P0.2 拉低 -> 第2列
  47          //                                                      else if ((P0&0x08) == 0) column = 3;                                    //P0.3 拉低 -> 第3列
  48          //                                              
  49          //                                                      //计算按键值
  50          //                                                      key_volume = row*4+column;
  51          //                                              
  52          //                                                      //等待按键释放（避免长按重复触发）
  53          //                                                      while (P0 != (row == 0 ? 0xBF : 0x7F));
  54          //                                                      Delay_ms(10);//释放消抖
C51 COMPILER V9.54   KEY                                                                   12/19/2025 09:18:11 PAGE 2   

  55          
  56          //                                                      return (key_volume);
  57          
  58          //                      }
  59          //              }
  60          //              else return (16);//无按键按下
  61          //              P0=0xFF;
  62          //}


MODULE INFORMATION:   STATIC OVERLAYABLE
   CODE SIZE        =   ----    ----
   CONSTANT SIZE    =   ----    ----
   XDATA SIZE       =   ----    ----
   PDATA SIZE       =   ----    ----
   DATA SIZE        =   ----    ----
   IDATA SIZE       =   ----    ----
   BIT SIZE         =   ----    ----
END OF MODULE INFORMATION.


C51 COMPILATION COMPLETE.  0 WARNING(S),  0 ERROR(S)
