C51 COMPILER V9.54   HW                                                                    06/01/2026 09:08:31 PAGE 1   


C51 COMPILER V9.54, COMPILATION OF MODULE HW
OBJECT MODULE PLACED IN hw.OBJ
COMPILER INVOKED BY: C:\Users\Administrator\AppData\Local\Keil_v5\C51\BIN\C51.EXE hw.c LARGE OPTIMIZE(8,SPEED) BROWSE DE
                    -BUG OBJECTEXTEND PRINT(.\Listings\hw.lst)

line level    source

   1          #include "hw.h"
   2          
   3          sbit IR_INPUT = P3^5;  //???????????
   4          extern bit irflag ;  
   5          extern unsigned char ircode[4];  //???????????????
   6          
   7          /* 红外接收模块初始化 */
   8          void InitInfrared()
   9          {
  10   1          IR_INPUT = 1;      // 设置红外输入引脚为高电平（内置上拉）
  11   1          IT1 = 1;           // 设置INT1为下降沿触发
  12   1          EX1 = 1;           // 使能外部中断1
  13   1          TMOD &= 0x0F;      // 清除T1高4位（保留T0配置）                      
  14   1          TMOD |= 0x10;      // 设置T1为模式1（16位定时器）
  15   1          TR1 = 0;           // 停止T1计数
  16   1          TH1 = 0;           // 定时器高8位初值
  17   1          TL1 = 0;           // 定时器低8位初值
  18   1      }
  19          
  20          /* ?????j???????????? */
  21          unsigned int GetHighTime()
  22          {
  23   1          TH1 = 0;  //????T1???????
  24   1          TL1 = 0;
  25   1          TR1 = 1;  //????T1????
  26   1          while(IR_INPUT)                             //?????????????1??????????????0???????????
  27   1          {
  28   2              if(TH1 >= 0x40)                  
  29   2              {                                       //??T1?????????0x4000??????????????????18ms???
  30   3                  break;                              //????????????????????z???????????????????
  31   3              }
  32   2          }
  33   1          TR1 = 0;                                            //??T1????
  34   1      
  35   1          return (TH1*256 + TL1);             //T1?????????16bit?????????????????
  36   1      }
  37          
  38          
  39          /* ?????j???????????? */
  40          unsigned int GetLowTime()
  41          {
  42   1          TH1 = 0;                                            //????T1???????
  43   1          TL1 = 0;
  44   1          TR1 = 1;                                            //????T1????
  45   1          while (!IR_INPUT)                           //?????????????0??????????????1???????????
  46   1          {
  47   2              if (TH1 >= 0x40)
  48   2              {                                       //??T1?????????0x4000??????????????????18ms???
  49   3                  break;                              //????????????????????z???????????????????
  50   3              }
  51   2          }
  52   1          TR1 = 0;                                            //??T1????
  53   1      
  54   1          return (TH1*256 + TL1);             //T1?????????16bit?????????????????
C51 COMPILER V9.54   HW                                                                    06/01/2026 09:08:31 PAGE 2   

  55   1      }
  56          
  57          /* INT1???????????????????????? */
  58          void EXINT1_ISR() 
  59          {
  60   1          unsigned char i, j;
  61   1          unsigned char byt;
  62   1          unsigned int time;
  63   1          
  64   1          //???????????????9ms????
  65   1          time = GetLowTime();
  66   1          if ((time<7833) || (time>8755))  //??????????8.5??9.5ms??
  67   1          {                                //????????????????????????
  68   2              //IE1 = 0;                                      //???j????INT1?????
  69   2              return;
  70   2          }
  71   1                                                                              //???????????????4.5ms????
  72   1          time = GetHighTime();
  73   1          if ((time<3686) || (time>4608))  //??????????4.0??5.0ms??
  74   1          {                                //????????????????????????
  75   2              //IE1 = 0;
  76   2              return;
  77   2          }
  78   1          //??????????????4???????
  79   1          for (i=0; i<4; i++)                                 //???????4?????                                                            
  80   1          {
  81   2              for (j=0; j<8; j++)                     //?????????? ????8??bit
  82   2              {
  83   3                  //??????? bit??560us????
  84   3                  time = GetLowTime();
  85   3                  if ((time<313) || (time>718)) //??????????340??780us??
  86   3                  {                             //????????????????????????
  87   4                      //IE1 = 0;
  88   4                      return;
  89   4                  }
  90   3                  //???? bit????????????bit???
  91   3                  time = GetHighTime();
  92   3                  if ((time>313) && (time<718))                       //??????????340??780us??
  93   3                  {                                                   //????????????bit??0
  94   4                      byt >>= 1;                                              //??????????????????????????0                              
  95   4                  }
  96   3                  else if ((time>1345) && (time<1751))        //??????????1460??1900us??
  97   3                  {                                           //????????????bit??1
  98   4                      byt >>= 1;                                              //??????????????????????                           
  99   4                      byt |= 0x80;                                            //?????1                                                                   
 100   4                  }
 101   3                  else                                                                        //?????????????????????????????
 102   3                  {
 103   4                      //IE1 = 0;
 104   4                      return;
 105   4                  }
 106   3              }
 107   2              ircode[i] = byt;                                                        //??????h??????????????
 108   2          }
 109   1          irflag = 1;                                                                         //??????????? ??
 110   1          //IE1 = 0;                                                                          //???j????INT1?????
 111   1      }


MODULE INFORMATION:   STATIC OVERLAYABLE
   CODE SIZE        =    232    ----
   CONSTANT SIZE    =   ----    ----
C51 COMPILER V9.54   HW                                                                    06/01/2026 09:08:31 PAGE 3   

   XDATA SIZE       =   ----    ----
   PDATA SIZE       =   ----    ----
   DATA SIZE        =   ----    ----
   IDATA SIZE       =   ----    ----
   BIT SIZE         =   ----    ----
END OF MODULE INFORMATION.


C51 COMPILATION COMPLETE.  0 WARNING(S),  0 ERROR(S)
