C51 COMPILER V9.54   DS18B20                                                               05/20/2026 08:36:35 PAGE 1   


C51 COMPILER V9.54, COMPILATION OF MODULE DS18B20
OBJECT MODULE PLACED IN DS18B20.OBJ
COMPILER INVOKED BY: C:\Users\Administrator\AppData\Local\Keil_v5\C51\BIN\C51.EXE DS18B20.c OPTIMIZE(8,SPEED) BROWSE DEB
                    -UG OBJECTEXTEND PRINT(.\Listings\DS18B20.lst)

line level    source

   1          #include "DS18B20.h"
   2          
   3          extern  uint8_t List[];
   4          void DS18B20_Init(void)
   5          {
   6   1              P3M1 = 0X00; P3M0 = 0X00;
   7   1              P6M1 = 0XFF; P6M0 = 0XFF;
   8   1              P7M1 = 0X00; P7M0 = 0X00;
   9   1              P5M1 = 0X00; P5M0 = 0X00;
  10   1              Start18B20();
  11   1              
  12   1      }
  13          void Temperature_Scan(void)
  14          {
  15   1          unsigned char i;  
  16   1              uint16_t temp0 = 0; 
  17   1          Start18B20();
  18   1          temp0 = Get18B20Temp();//152
  19   1          // 解析温度，假设是整数部分
  20   1              List[1] = temp0/10%10;//个位
  21   1              List[0] = temp0/100; //十位
  22   1      
  23   1      //温度
  24   1              for(i = 0; i < 8; i++){
  25   2                      P7 = _crol_(0xfe, i);
  26   2              if (i == 0) 
  27   2                  P6 = 0xC6; // 'C' 的字模，如果 Nix 数组里没有，直接用字模值
  28   2              else if(i == 2)
  29   2                  P6 = Nix[List[0]]; // 十位
  30   2              else if(i == 1)
  31   2                 P6 = Nix[List[1]]; // 个位
  32   2              else
  33   2                  P6 = 0xFF; // 其余位置8        
  34   2              Delay_us(500);
  35   2              P6 = 0xFF; // 消隐
  36   2              }               
  37   1      
  38   1      }
  39          
  40          bit Get18B20Ack(void)
  41          {
  42   1              bit ack;    
  43   1              IO_18B20 = 0;//单片机将总线电平拉低
  44   1              Delay_us(600);//产生延时500us
  45   1              IO_18B20 = 1;//总线电平拉高
  46   1              Delay_us(60);//延时60us
  47   1              ack = IO_18B20;//读取存在脉冲
  48   1              while(!IO_18B20);//等待存在脉冲
  49   1              Delay_us(40);
  50   1              return ack;
  51   1      }
  52          
  53          void Write18B20(uint8_t dat)
  54          {
C51 COMPILER V9.54   DS18B20                                                               05/20/2026 08:36:35 PAGE 2   

  55   1              unsigned char mask;
  56   1              EA = 0;
  57   1              for(mask = 0x01; mask != 0; mask <<= 1)
  58   1              {
  59   2                      IO_18B20 = 0;
  60   2                      _nop_();
  61   2                      _nop_();
  62   2                      if( (mask & dat) == 0)
  63   2                              IO_18B20 = 0;
  64   2                      else
  65   2                              IO_18B20 = 1;
  66   2                              Delay_us(60);
  67   2                              IO_18B20 = 1;
  68   2                              Delay_us(10);
  69   2              }
  70   1              EA = 1;
  71   1      }
  72          
  73          uint8_t Read18B20(void)
  74          { 
  75   1              uint8_t dat = 0;
  76   1              uint8_t mask = 0;
  77   1              EA = 0;
  78   1              for(mask = 0x01; mask != 0; mask <<= 1)
  79   1              {
  80   2                      IO_18B20 = 0;
  81   2                      _nop_();
  82   2                      _nop_();
  83   2                      _nop_();
  84   2                      _nop_();
  85   2                      _nop_();
  86   2                      _nop_();
  87   2                      IO_18B20 = 1;
  88   2                      _nop_();
  89   2                      _nop_();
  90   2                      _nop_();
  91   2                      _nop_();
  92   2                      _nop_();
  93   2                      _nop_();
  94   2                      Delay_us(10);
  95   2                      if(!IO_18B20)
  96   2                              dat &= ~mask;
  97   2                      else
  98   2                              dat |= mask;
  99   2                      Delay_us(60);
 100   2              }
 101   1              EA = 1;
 102   1              return dat;
 103   1      }
 104          
 105          void Start18B20(void)
 106          {
 107   1              bit ack;
 108   1              ack = Get18B20Ack();
 109   1              if(ack == 0)
 110   1              {
 111   2                      Write18B20(0xcc);
 112   2                      Write18B20(0x44);
 113   2      
 114   2              }
 115   1              Delay_us(500);
 116   1      }
C51 COMPILER V9.54   DS18B20                                                               05/20/2026 08:36:35 PAGE 3   

 117          
 118          uint16_t Get18B20Temp(void)
 119          {
 120   1              uint8_t MSB, LSB;
 121   1              int temp;
 122   1              float sum;//浮点数
 123   1              bit ack;
 124   1              ack = Get18B20Ack();
 125   1              
 126   1              if(ack == 0)
 127   1              {
 128   2                      Write18B20(0xcc);
 129   2                      Write18B20(0xBE);
 130   2                      LSB = Read18B20();
 131   2                      MSB = Read18B20();
 132   2                       
 133   2                      temp = ((int)MSB << 8) + LSB;
 134   2                      sum = temp*0.0625;
 135   2                      temp = sum*10+0.5;
 136   2                      
 137   2              }
 138   1      
 139   1              return temp;
 140   1      }
 141          
 142          
 143          
 144          
 145          
 146          
 147          
 148          
 149          
 150          


MODULE INFORMATION:   STATIC OVERLAYABLE
   CODE SIZE        =    425    ----
   CONSTANT SIZE    =   ----    ----
   XDATA SIZE       =   ----    ----
   PDATA SIZE       =   ----    ----
   DATA SIZE        =   ----      12
   IDATA SIZE       =   ----    ----
   BIT SIZE         =   ----       3
END OF MODULE INFORMATION.


C51 COMPILATION COMPLETE.  0 WARNING(S),  0 ERROR(S)
